{
  "key" : {
    "uuid" : "test_uuid"
  },
  "query" : {
    "dataSource" : {
      "type" : "Index",
      "uuid" : "57a35b9a-083c-4a93-a813-fc3ddfe1ff44",
      "name" : "Example index"
    },
    "expression" : {
      "type" : "operator",
      "children" : [ {
        "type" : "term",
        "field" : "EventTime",
        "condition" : "BETWEEN",
        "value" : "2010-01-01T00:00:00.000Z,2010-01-01T00:10:00.000Z"
      } ]
    },
    "params" : [ {
      "key" : "currentUser()",
      "value" : "admin"
    } ]
  },
  "resultRequests" : [ {
    "componentId" : "table-BKJT6",
    "mappings" : [ {
      "queryId" : "query-MRGPM",
      "fields" : [ {
        "id" : "table-BKJT6|RACJI",
        "name" : "UserId",
        "expression" : "${UserId}",
        "sort" : {
          "order" : 0,
          "direction" : "ASCENDING"
        },
        "format" : {
          "type" : "GENERAL"
        },
        "group" : 0,
        "width" : 200,
        "visible" : true,
        "special" : false
      }, {
        "id" : "table-BKJT6|89WRT",
        "name" : "Count",
        "expression" : "count()",
        "format" : {
          "type" : "NUMBER"
        },
        "width" : 200,
        "visible" : true,
        "special" : false
      }, {
        "id" : "__stream_id__",
        "name" : "__stream_id__",
        "expression" : "${StreamId}",
        "width" : 200,
        "visible" : true,
        "special" : false
      }, {
        "id" : "__event_id__",
        "name" : "__event_id__",
        "expression" : "${EventId}",
        "width" : 200,
        "visible" : true,
        "special" : false
      } ],
      "extractionPipeline" : {
        "type" : "Pipeline",
        "uuid" : "e5ecdf93-d433-45ac-b14a-1f77f16ae4f7",
        "name" : "Example Extraction"
      },
      "maxResults" : [ 1000000 ]
    } ],
    "requestedRange" : {
      "offset" : 0,
      "length" : 100
    },
    "resultStyle" : "TABLE",
    "fetch" : "CHANGES",
    "groupSelection" : {
      "expandedDepth" : 0,
      "openGroups" : [ ],
      "closedGroups" : [ ]
    }
  }, {
    "componentId" : "vis-QYG7H",
    "mappings" : [ {
      "queryId" : "query-MRGPM",
      "fields" : [ {
        "id" : "table-BKJT6|RACJI",
        "name" : "UserId",
        "expression" : "${UserId}",
        "sort" : {
          "order" : 0,
          "direction" : "ASCENDING"
        },
        "format" : {
          "type" : "GENERAL"
        },
        "group" : 0,
        "width" : 200,
        "visible" : true,
        "special" : false
      }, {
        "id" : "table-BKJT6|89WRT",
        "name" : "Count",
        "expression" : "count()",
        "format" : {
          "type" : "NUMBER"
        },
        "width" : 200,
        "visible" : true,
        "special" : false
      }, {
        "id" : "__stream_id__",
        "name" : "__stream_id__",
        "expression" : "${StreamId}",
        "width" : 200,
        "visible" : true,
        "special" : false
      }, {
        "id" : "__event_id__",
        "name" : "__event_id__",
        "expression" : "${EventId}",
        "width" : 200,
        "visible" : true,
        "special" : false
      } ],
      "extractionPipeline" : {
        "type" : "Pipeline",
        "uuid" : "e5ecdf93-d433-45ac-b14a-1f77f16ae4f7",
        "name" : "Example Extraction"
      },
      "maxResults" : [ 1000000 ]
    }, {
      "fields" : [ {
        "id" : "1",
        "sort" : {
          "direction" : "ASCENDING"
        },
        "format" : {
          "type" : "GENERAL"
        },
        "group" : 0,
        "width" : 200,
        "visible" : true,
        "special" : false
      }, {
        "id" : "2",
        "expression" : "${UserId}",
        "format" : {
          "type" : "GENERAL"
        },
        "width" : 200,
        "visible" : true,
        "special" : false
      }, {
        "id" : "3",
        "expression" : "${Count}",
        "format" : {
          "type" : "NUMBER"
        },
        "width" : 200,
        "visible" : true,
        "special" : false
      } ],
      "maxResults" : [ 20, 20 ],
      "showDetail" : true
    } ],
    "requestedRange" : {
      "offset" : 0,
      "length" : 1000
    },
    "resultStyle" : "FLAT",
    "fetch" : "CHANGES",
    "groupSelection" : {
      "expandedDepth" : 0,
      "openGroups" : [ ],
      "closedGroups" : [ ]
    }
  }, {
    "componentId" : "table-78LF4",
    "mappings" : [ {
      "queryId" : "query-MRGPM",
      "fields" : [ {
        "id" : "table-78LF4|7JU9H",
        "name" : "EventTime",
        "expression" : "roundMinute(${EventTime})",
        "sort" : {
          "order" : 0,
          "direction" : "ASCENDING"
        },
        "format" : {
          "type" : "DATE_TIME"
        },
        "group" : 0,
        "width" : 200,
        "visible" : true,
        "special" : false
      }, {
        "id" : "table-78LF4|T5WYU",
        "name" : "UserId",
        "expression" : "${UserId}",
        "sort" : {
          "order" : 1,
          "direction" : "ASCENDING"
        },
        "format" : {
          "type" : "GENERAL"
        },
        "group" : 0,
        "width" : 200,
        "visible" : true,
        "special" : false
      }, {
        "id" : "table-78LF4|MT5IM",
        "name" : "Count",
        "expression" : "count()",
        "format" : {
          "type" : "NUMBER"
        },
        "width" : 200,
        "visible" : true,
        "special" : false
      }, {
        "id" : "__stream_id__",
        "name" : "__stream_id__",
        "expression" : "${StreamId}",
        "width" : 200,
        "visible" : true,
        "special" : false
      }, {
        "id" : "__event_id__",
        "name" : "__event_id__",
        "expression" : "${EventId}",
        "width" : 200,
        "visible" : true,
        "special" : false
      } ],
      "extractionPipeline" : {
        "type" : "Pipeline",
        "uuid" : "e5ecdf93-d433-45ac-b14a-1f77f16ae4f7",
        "name" : "Example Extraction"
      },
      "maxResults" : [ 1000000 ]
    } ],
    "requestedRange" : {
      "offset" : 0,
      "length" : 100
    },
    "resultStyle" : "TABLE",
    "fetch" : "CHANGES",
    "groupSelection" : {
      "expandedDepth" : 0,
      "openGroups" : [ ],
      "closedGroups" : [ ]
    }
  }, {
    "componentId" : "vis-L1AL1",
    "mappings" : [ {
      "queryId" : "query-MRGPM",
      "fields" : [ {
        "id" : "table-78LF4|7JU9H",
        "name" : "EventTime",
        "expression" : "roundMinute(${EventTime})",
        "sort" : {
          "order" : 0,
          "direction" : "ASCENDING"
        },
        "format" : {
          "type" : "DATE_TIME"
        },
        "group" : 0,
        "width" : 200,
        "visible" : true,
        "special" : false
      }, {
        "id" : "table-78LF4|T5WYU",
        "name" : "UserId",
        "expression" : "${UserId}",
        "sort" : {
          "order" : 1,
          "direction" : "ASCENDING"
        },
        "format" : {
          "type" : "GENERAL"
        },
        "group" : 0,
        "width" : 200,
        "visible" : true,
        "special" : false
      }, {
        "id" : "table-78LF4|MT5IM",
        "name" : "Count",
        "expression" : "count()",
        "format" : {
          "type" : "NUMBER"
        },
        "width" : 200,
        "visible" : true,
        "special" : false
      }, {
        "id" : "__stream_id__",
        "name" : "__stream_id__",
        "expression" : "${StreamId}",
        "width" : 200,
        "visible" : true,
        "special" : false
      }, {
        "id" : "__event_id__",
        "name" : "__event_id__",
        "expression" : "${EventId}",
        "width" : 200,
        "visible" : true,
        "special" : false
      } ],
      "extractionPipeline" : {
        "type" : "Pipeline",
        "uuid" : "e5ecdf93-d433-45ac-b14a-1f77f16ae4f7",
        "name" : "Example Extraction"
      },
      "maxResults" : [ 1000000 ]
    }, {
      "fields" : [ {
        "id" : "1",
        "expression" : "${EventTime}",
        "sort" : {
          "order" : 0,
          "direction" : "ASCENDING"
        },
        "format" : {
          "type" : "DATE_TIME"
        },
        "group" : 0,
        "width" : 200,
        "visible" : true,
        "special" : false
      }, {
        "id" : "2",
        "expression" : "${UserId}",
        "sort" : {
          "order" : 1,
          "direction" : "ASCENDING"
        },
        "format" : {
          "type" : "GENERAL"
        },
        "group" : 1,
        "width" : 200,
        "visible" : true,
        "special" : false
      }, {
        "id" : "3",
        "expression" : "${UserId}",
        "sort" : {
          "order" : 2,
          "direction" : "ASCENDING"
        },
        "format" : {
          "type" : "GENERAL"
        },
        "width" : 200,
        "visible" : true,
        "special" : false
      }, {
        "id" : "4",
        "expression" : "${Count}",
        "format" : {
          "type" : "NUMBER"
        },
        "width" : 200,
        "visible" : true,
        "special" : false
      } ],
      "maxResults" : [ 20, 10, 500 ],
      "showDetail" : true
    } ],
    "requestedRange" : {
      "offset" : 0,
      "length" : 1000
    },
    "resultStyle" : "FLAT",
    "fetch" : "CHANGES",
    "groupSelection" : {
      "expandedDepth" : 0,
      "openGroups" : [ ],
      "closedGroups" : [ ]
    }
  }, {
    "componentId" : "vis-SPSCW",
    "mappings" : [ {
      "queryId" : "query-MRGPM",
      "fields" : [ {
        "id" : "table-78LF4|7JU9H",
        "name" : "EventTime",
        "expression" : "roundMinute(${EventTime})",
        "sort" : {
          "order" : 0,
          "direction" : "ASCENDING"
        },
        "format" : {
          "type" : "DATE_TIME"
        },
        "group" : 0,
        "width" : 200,
        "visible" : true,
        "special" : false
      }, {
        "id" : "table-78LF4|T5WYU",
        "name" : "UserId",
        "expression" : "${UserId}",
        "sort" : {
          "order" : 1,
          "direction" : "ASCENDING"
        },
        "format" : {
          "type" : "GENERAL"
        },
        "group" : 0,
        "width" : 200,
        "visible" : true,
        "special" : false
      }, {
        "id" : "table-78LF4|MT5IM",
        "name" : "Count",
        "expression" : "count()",
        "format" : {
          "type" : "NUMBER"
        },
        "width" : 200,
        "visible" : true,
        "special" : false
      }, {
        "id" : "__stream_id__",
        "name" : "__stream_id__",
        "expression" : "${StreamId}",
        "width" : 200,
        "visible" : true,
        "special" : false
      }, {
        "id" : "__event_id__",
        "name" : "__event_id__",
        "expression" : "${EventId}",
        "width" : 200,
        "visible" : true,
        "special" : false
      } ],
      "extractionPipeline" : {
        "type" : "Pipeline",
        "uuid" : "e5ecdf93-d433-45ac-b14a-1f77f16ae4f7",
        "name" : "Example Extraction"
      },
      "maxResults" : [ 1000000 ]
    }, {
      "fields" : [ {
        "id" : "1",
        "sort" : {
          "order" : 0,
          "direction" : "ASCENDING"
        },
        "format" : {
          "type" : "GENERAL"
        },
        "group" : 0,
        "width" : 200,
        "visible" : true,
        "special" : false
      }, {
        "id" : "2",
        "expression" : "${UserId}",
        "sort" : {
          "order" : 1,
          "direction" : "ASCENDING"
        },
        "format" : {
          "type" : "GENERAL"
        },
        "group" : 1,
        "width" : 200,
        "visible" : true,
        "special" : false
      }, {
        "id" : "3",
        "expression" : "${EventTime}",
        "sort" : {
          "order" : 2,
          "direction" : "ASCENDING"
        },
        "format" : {
          "type" : "DATE_TIME"
        },
        "width" : 200,
        "visible" : true,
        "special" : false
      }, {
        "id" : "4",
        "expression" : "${Count}",
        "format" : {
          "type" : "NUMBER"
        },
        "width" : 200,
        "visible" : true,
        "special" : false
      } ],
      "maxResults" : [ 20, 100, 1000 ],
      "showDetail" : true
    } ],
    "requestedRange" : {
      "offset" : 0,
      "length" : 1000
    },
    "resultStyle" : "FLAT",
    "fetch" : "CHANGES",
    "groupSelection" : {
      "expandedDepth" : 0,
      "openGroups" : [ ],
      "closedGroups" : [ ]
    }
  } ],
  "incremental" : true,
  "dateTimeSettings" : {
    "dateTimePattern" : "yyyy-MM-dd'T'HH:mm:ss.SSSXX",
    "localZoneId" : "Europe/London",
    "referenceTime" : 0,
    "timeZone" : {
      "use" : "UTC"
    }
  }
}