<?xml version="1.1" encoding="UTF-8"?><Events xmlns="event-logging:3" xmlns:stroom="stroom" xmlns:xsi="http://www.w3.org/2001/XMLSchema-instance" xsi:schemaLocation="event-logging:3 file://event-logging-v3.0.0.xsd" Version="3.0.0"><Event><EventTime><TimeCreated>2007-08-18T09:49:51.000Z</TimeCreated></EventTime><EventSource><System><Name>Test</Name><Environment>Test</Environment></System><Generator>NetworkMonitoring</Generator><Device><HostName>server1</HostName><IPAddress>1.1.1.1</IPAddress><MACAddress>00-00-00-00-00-00</MACAddress><evt:Location xmlns:evt="event-logging:3"><evt:Country>Country 1</evt:Country><evt:Site>Site 1</evt:Site><evt:Building>Building 1</evt:Building><evt:Floor>2</evt:Floor><evt:Room>Room 1</evt:Room><evt:Desk>Desk 102</evt:Desk></evt:Location></Device><User><Id>user1</Id></User></EventSource><EventDetail><TypeId>0001</TypeId><Authenticate><Action>Logon</Action><LogonType>Interactive</LogonType><User><Id>user1</Id></User><Outcome><Success>false</Success><Description>Logon failure. Incorrect user name or password.</Description></Outcome></Authenticate></EventDetail></Event><Event><EventTime><TimeCreated>2007-09-18T13:18:56.000Z</TimeCreated></EventTime><EventSource><System><Name>Test</Name><Environment>Test</Environment></System><Generator>NetworkMonitoring</Generator><Device><HostName>server1</HostName><IPAddress>1.1.1.1</IPAddress><MACAddress>00-00-00-00-00-00</MACAddress><evt:Location xmlns:evt="event-logging:3"><evt:Country>Country 1</evt:Country><evt:Site>Site 1</evt:Site><evt:Building>Building 1</evt:Building><evt:Floor>2</evt:Floor><evt:Room>Room 1</evt:Room><evt:Desk>Desk 102</evt:Desk></evt:Location></Device><User><Id>user2</Id></User></EventSource><EventDetail><TypeId>0001</TypeId><Process><Action>Execute</Action><Type>Application</Type><Command>A message that I made up 1</Command><Rule>Rule</Rule><Outcome><Permitted>false</Permitted><Description>E0567</Description></Outcome></Process></EventDetail></Event><Event><EventTime><TimeCreated>2007-10-18T13:19:23.000Z</TimeCreated></EventTime><EventSource><System><Name>Test</Name><Environment>Test</Environment></System><Generator>NetworkMonitoring</Generator><Device><HostName>server2</HostName><IPAddress>1.1.1.1</IPAddress><MACAddress>00-00-00-00-00-00</MACAddress><evt:Location xmlns:evt="event-logging:3"><evt:Country>Country 1</evt:Country><evt:Site>Site 1</evt:Site><evt:Building>Building 1</evt:Building><evt:Floor>2</evt:Floor><evt:Room>Room 1</evt:Room><evt:Desk>Desk 102</evt:Desk></evt:Location></Device><User><Id>user3</Id></User></EventSource><EventDetail><TypeId>0001</TypeId><Process><Action>Execute</Action><Type>Application</Type><Command>A message that I made up 2</Command><Rule>Rule</Rule><Outcome><Permitted>false</Permitted><Description>E0567</Description></Outcome></Process></EventDetail></Event><Event><EventTime><TimeCreated>2007-11-18T13:20:23.000Z</TimeCreated></EventTime><EventSource><System><Name>Test</Name><Environment>Test</Environment></System><Generator>NetworkMonitoring</Generator><Device><HostName>server3</HostName><IPAddress>1.1.1.1</IPAddress><MACAddress>00-00-00-00-00-00</MACAddress><evt:Location xmlns:evt="event-logging:3"><evt:Country>Country 1</evt:Country><evt:Site>Site 1</evt:Site><evt:Building>Building 1</evt:Building><evt:Floor>2</evt:Floor><evt:Room>Room 1</evt:Room><evt:Desk>Desk 102</evt:Desk></evt:Location></Device><User><Id>user4</Id></User></EventSource><EventDetail><TypeId>0001</TypeId><Process><Action>Execute</Action><Type>Application</Type><Command>Another message that I made up 1</Command><Rule>Rule</Rule><Outcome><Permitted>false</Permitted><Description>E0567</Description></Outcome></Process></EventDetail></Event><Event><EventTime><TimeCreated>2007-12-18T13:21:48.000Z</TimeCreated></EventTime><EventSource><System><Name>Test</Name><Environment>Test</Environment></System><Generator>NetworkMonitoring</Generator><Device><HostName>server4</HostName><IPAddress>1.1.1.1</IPAddress><MACAddress>00-00-00-00-00-00</MACAddress><evt:Location xmlns:evt="event-logging:3"><evt:Country>Country 1</evt:Country><evt:Site>Site 1</evt:Site><evt:Building>Building 1</evt:Building><evt:Floor>2</evt:Floor><evt:Room>Room 1</evt:Room><evt:Desk>Desk 102</evt:Desk></evt:Location></Device><User><Id>user5</Id></User></EventSource><EventDetail><TypeId>0001</TypeId><Process><Action>Execute</Action><Type>Application</Type><Command>Another message that I made up 2</Command><Rule>Rule</Rule><Outcome><Permitted>false</Permitted><Description>E0567</Description></Outcome></Process></EventDetail></Event><Event><EventTime><TimeCreated>2007-08-18T13:22:27.000Z</TimeCreated></EventTime><EventSource><System><Name>Test</Name><Environment>Test</Environment></System><Generator>NetworkMonitoring</Generator><Device><HostName>server5</HostName><IPAddress>1.1.1.1</IPAddress><MACAddress>00-00-00-00-00-00</MACAddress><evt:Location xmlns:evt="event-logging:3"><evt:Country>Country 1</evt:Country><evt:Site>Site 1</evt:Site><evt:Building>Building 1</evt:Building><evt:Floor>2</evt:Floor><evt:Room>Room 1</evt:Room><evt:Desk>Desk 102</evt:Desk></evt:Location></Device><User><Id>user2</Id></User></EventSource><EventDetail><TypeId>0001</TypeId><Process><Action>Execute</Action><Type>Application</Type><Command>msg=foo bar</Command><Rule>Rule</Rule><Outcome><Permitted>false</Permitted><Description>E0567</Description></Outcome></Process></EventDetail></Event><Event><EventTime><TimeCreated>2007-08-18T13:23:49.000Z</TimeCreated></EventTime><EventSource><System><Name>Test</Name><Environment>Test</Environment></System><Generator>NetworkMonitoring</Generator><Device><HostName>server6</HostName><IPAddress>1.1.1.1</IPAddress><MACAddress>00-00-00-00-00-00</MACAddress><evt:Location xmlns:evt="event-logging:3"><evt:Country>Country 1</evt:Country><evt:Site>Site 1</evt:Site><evt:Building>Building 1</evt:Building><evt:Floor>2</evt:Floor><evt:Room>Room 1</evt:Room><evt:Desk>Desk 102</evt:Desk></evt:Location></Device><User><Id>user3</Id></User></EventSource><EventDetail><TypeId>0001</TypeId><Process><Action>Execute</Action><Type>Application</Type><Command>msg=foo bar</Command><Rule>Rule</Rule><Outcome><Permitted>false</Permitted><Description>E0567</Description></Outcome></Process></EventDetail></Event><Event><EventTime><TimeCreated>2007-08-18T13:43:16.000Z</TimeCreated></EventTime><EventSource><System><Name>Test</Name><Environment>Test</Environment></System><Generator>NetworkMonitoring</Generator><Device><HostName>server7</HostName><IPAddress>1.1.1.1</IPAddress><MACAddress>00-00-00-00-00-00</MACAddress><evt:Location xmlns:evt="event-logging:3"><evt:Country>Country 1</evt:Country><evt:Site>Site 1</evt:Site><evt:Building>Building 1</evt:Building><evt:Floor>2</evt:Floor><evt:Room>Room 1</evt:Room><evt:Desk>Desk 102</evt:Desk></evt:Location></Device><User><Id>user4</Id></User></EventSource><EventDetail><TypeId>0001</TypeId><Process><Action>Execute</Action><Type>Application</Type><Command>msg=foo bar</Command><Rule>Rule</Rule><Outcome><Permitted>false</Permitted><Description>E0567</Description></Outcome></Process></EventDetail></Event><Event><EventTime><TimeCreated>2007-08-18T13:44:23.000Z</TimeCreated></EventTime><EventSource><System><Name>Test</Name><Environment>Test</Environment></System><Generator>NetworkMonitoring</Generator><Device><HostName>server8</HostName><IPAddress>1.1.1.1</IPAddress><MACAddress>00-00-00-00-00-00</MACAddress><evt:Location xmlns:evt="event-logging:3"><evt:Country>Country 1</evt:Country><evt:Site>Site 1</evt:Site><evt:Building>Building 1</evt:Building><evt:Floor>2</evt:Floor><evt:Room>Room 1</evt:Room><evt:Desk>Desk 102</evt:Desk></evt:Location></Device><User><Id>user5</Id></User></EventSource><EventDetail><TypeId>0001</TypeId><Process><Action>Execute</Action><Type>Application</Type><Command>msg=foo bar</Command><Rule>Rule</Rule><Outcome><Permitted>false</Permitted><Description>E0567</Description></Outcome></Process></EventDetail></Event><Event><EventTime><TimeCreated>2007-08-18T13:46:21.000Z</TimeCreated></EventTime><EventSource><System><Name>Test</Name><Environment>Test</Environment></System><Generator>NetworkMonitoring</Generator><Device><HostName>server9</HostName><IPAddress>1.1.1.1</IPAddress><MACAddress>00-00-00-00-00-00</MACAddress><evt:Location xmlns:evt="event-logging:3"><evt:Country>Country 1</evt:Country><evt:Site>Site 1</evt:Site><evt:Building>Building 1</evt:Building><evt:Floor>2</evt:Floor><evt:Room>Room 1</evt:Room><evt:Desk>Desk 102</evt:Desk></evt:Location></Device><User><Id>user6</Id></User></EventSource><EventDetail><TypeId>0001</TypeId><Process><Action>Execute</Action><Type>Application</Type><Command>msg=foo bar</Command><Rule>Rule</Rule><Outcome><Permitted>false</Permitted><Description>E0567</Description></Outcome></Process></EventDetail></Event><Event><EventTime><TimeCreated>2007-08-18T13:47:21.000Z</TimeCreated></EventTime><EventSource><System><Name>Test</Name><Environment>Test</Environment></System><Generator>NetworkMonitoring</Generator><Device><HostName>server1</HostName><IPAddress>1.1.1.1</IPAddress><MACAddress>00-00-00-00-00-00</MACAddress><evt:Location xmlns:evt="event-logging:3"><evt:Country>Country 1</evt:Country><evt:Site>Site 1</evt:Site><evt:Building>Building 1</evt:Building><evt:Floor>2</evt:Floor><evt:Room>Room 1</evt:Room><evt:Desk>Desk 102</evt:Desk></evt:Location></Device><User><Id>user2</Id></User></EventSource><EventDetail><TypeId>0001</TypeId><Process><Action>Execute</Action><Type>Application</Type><Command>msg=foo bar</Command><Rule>Rule</Rule><Outcome><Permitted>false</Permitted><Description>E0567</Description></Outcome></Process></EventDetail></Event><Event><EventTime><TimeCreated>2007-08-18T13:49:12.000Z</TimeCreated></EventTime><EventSource><System><Name>Test</Name><Environment>Test</Environment></System><Generator>NetworkMonitoring</Generator><Device><HostName>server2</HostName><IPAddress>1.1.1.1</IPAddress><MACAddress>00-00-00-00-00-00</MACAddress><evt:Location xmlns:evt="event-logging:3"><evt:Country>Country 1</evt:Country><evt:Site>Site 1</evt:Site><evt:Building>Building 1</evt:Building><evt:Floor>2</evt:Floor><evt:Room>Room 1</evt:Room><evt:Desk>Desk 102</evt:Desk></evt:Location></Device><User><Id>user3</Id></User></EventSource><EventDetail><TypeId>0001</TypeId><Process><Action>Execute</Action><Type>Application</Type><Command>msg=foo bar</Command><Rule>Rule</Rule><Outcome><Permitted>false</Permitted><Description>E0567</Description></Outcome></Process></EventDetail></Event><Event><EventTime><TimeCreated>2007-08-18T13:50:56.000Z</TimeCreated></EventTime><EventSource><System><Name>Test</Name><Environment>Test</Environment></System><Generator>NetworkMonitoring</Generator><Device><HostName>server3</HostName><IPAddress>1.1.1.1</IPAddress><MACAddress>00-00-00-00-00-00</MACAddress><evt:Location xmlns:evt="event-logging:3"><evt:Country>Country 1</evt:Country><evt:Site>Site 1</evt:Site><evt:Building>Building 1</evt:Building><evt:Floor>2</evt:Floor><evt:Room>Room 1</evt:Room><evt:Desk>Desk 102</evt:Desk></evt:Location></Device><User><Id>user4</Id></User></EventSource><EventDetail><TypeId>0001</TypeId><Process><Action>Execute</Action><Type>Application</Type><Command>msg=foo bar</Command><Rule>Rule</Rule><Outcome><Permitted>false</Permitted><Description>E0567</Description></Outcome></Process></EventDetail></Event><Event><EventTime><TimeCreated>2007-01-18T13:56:42.000Z</TimeCreated></EventTime><EventSource><System><Name>Test</Name><Environment>Test</Environment></System><Generator>NetworkMonitoring</Generator><Device><HostName>server4</HostName><IPAddress>1.1.1.1</IPAddress><MACAddress>00-00-00-00-00-00</MACAddress><evt:Location xmlns:evt="event-logging:3"><evt:Country>Country 1</evt:Country><evt:Site>Site 1</evt:Site><evt:Building>Building 1</evt:Building><evt:Floor>2</evt:Floor><evt:Room>Room 1</evt:Room><evt:Desk>Desk 102</evt:Desk></evt:Location></Device><User><Id>user5</Id></User></EventSource><EventDetail><TypeId>0001</TypeId><Process><Action>Execute</Action><Type>Application</Type><Command>msg=foo bar</Command><Rule>Rule</Rule><Outcome><Permitted>false</Permitted><Description>E0567</Description></Outcome></Process></EventDetail></Event><Event><EventTime><TimeCreated>2007-08-18T14:11:33.000Z</TimeCreated></EventTime><EventSource><System><Name>Test</Name><Environment>Test</Environment></System><Generator>NetworkMonitoring</Generator><Device><HostName>server6</HostName><IPAddress>1.1.1.1</IPAddress><MACAddress>00-00-00-00-00-00</MACAddress><evt:Location xmlns:evt="event-logging:3"><evt:Country>Country 1</evt:Country><evt:Site>Site 1</evt:Site><evt:Building>Building 1</evt:Building><evt:Floor>2</evt:Floor><evt:Room>Room 1</evt:Room><evt:Desk>Desk 102</evt:Desk></evt:Location></Device><User><Id>user1</Id></User></EventSource><EventDetail><TypeId>0001</TypeId><Process><Action>Execute</Action><Type>Application</Type><Command>msg=foo bar</Command><Rule>Rule</Rule><Outcome><Permitted>false</Permitted><Description>E0567</Description></Outcome></Process></EventDetail></Event><Event><EventTime><TimeCreated>2007-08-18T14:13:11.000Z</TimeCreated></EventTime><EventSource><System><Name>Test</Name><Environment>Test</Environment></System><Generator>NetworkMonitoring</Generator><Device><HostName>server6</HostName><IPAddress>1.1.1.1</IPAddress><MACAddress>00-00-00-00-00-00</MACAddress><evt:Location xmlns:evt="event-logging:3"><evt:Country>Country 1</evt:Country><evt:Site>Site 1</evt:Site><evt:Building>Building 1</evt:Building><evt:Floor>2</evt:Floor><evt:Room>Room 1</evt:Room><evt:Desk>Desk 102</evt:Desk></evt:Location></Device><User><Id>user2</Id></User></EventSource><EventDetail><TypeId>0001</TypeId><Process><Action>Execute</Action><Type>Application</Type><Command>msg=foo bar</Command><Rule>Rule</Rule><Outcome><Permitted>false</Permitted><Description>E0567</Description></Outcome></Process></EventDetail></Event><Event><EventTime><TimeCreated>2007-08-18T14:14:24.000Z</TimeCreated></EventTime><EventSource><System><Name>Test</Name><Environment>Test</Environment></System><Generator>NetworkMonitoring</Generator><Device><HostName>server7</HostName><IPAddress>1.1.1.1</IPAddress><MACAddress>00-00-00-00-00-00</MACAddress><evt:Location xmlns:evt="event-logging:3"><evt:Country>Country 1</evt:Country><evt:Site>Site 1</evt:Site><evt:Building>Building 1</evt:Building><evt:Floor>2</evt:Floor><evt:Room>Room 1</evt:Room><evt:Desk>Desk 102</evt:Desk></evt:Location></Device><User><Id>user3</Id></User></EventSource><EventDetail><TypeId>0001</TypeId><Process><Action>Execute</Action><Type>Application</Type><Command>msg=foo bar</Command><Rule>Rule</Rule><Outcome><Permitted>false</Permitted><Description>E0567</Description></Outcome></Process></EventDetail></Event><Event><EventTime><TimeCreated>2007-08-18T14:16:56.000Z</TimeCreated></EventTime><EventSource><System><Name>Test</Name><Environment>Test</Environment></System><Generator>NetworkMonitoring</Generator><Device><HostName>server8</HostName><IPAddress>1.1.1.1</IPAddress><MACAddress>00-00-00-00-00-00</MACAddress><evt:Location xmlns:evt="event-logging:3"><evt:Country>Country 1</evt:Country><evt:Site>Site 1</evt:Site><evt:Building>Building 1</evt:Building><evt:Floor>2</evt:Floor><evt:Room>Room 1</evt:Room><evt:Desk>Desk 102</evt:Desk></evt:Location></Device><User><Id>user2</Id></User></EventSource><EventDetail><TypeId>0001</TypeId><Process><Action>Execute</Action><Type>Application</Type><Command>msg=foo bar</Command><Rule>Rule</Rule><Outcome><Permitted>false</Permitted><Description>E0567</Description></Outcome></Process></EventDetail></Event><Event><EventTime><TimeCreated>2007-08-18T14:19:59.000Z</TimeCreated></EventTime><EventSource><System><Name>Test</Name><Environment>Test</Environment></System><Generator>NetworkMonitoring</Generator><Device><HostName>server9</HostName><IPAddress>1.1.1.1</IPAddress><MACAddress>00-00-00-00-00-00</MACAddress><evt:Location xmlns:evt="event-logging:3"><evt:Country>Country 1</evt:Country><evt:Site>Site 1</evt:Site><evt:Building>Building 1</evt:Building><evt:Floor>2</evt:Floor><evt:Room>Room 1</evt:Room><evt:Desk>Desk 102</evt:Desk></evt:Location></Device><User><Id>user4</Id></User></EventSource><EventDetail><TypeId>0001</TypeId><Process><Action>Execute</Action><Type>Application</Type><Command>msg=foo bar</Command><Rule>Rule</Rule><Outcome><Permitted>false</Permitted><Description>E0567</Description></Outcome></Process></EventDetail></Event><Event><EventTime><TimeCreated>2007-02-18T14:23:43.000Z</TimeCreated></EventTime><EventSource><System><Name>Test</Name><Environment>Test</Environment></System><Generator>NetworkMonitoring</Generator><Device><HostName>server1</HostName><IPAddress>1.1.1.1</IPAddress><MACAddress>00-00-00-00-00-00</MACAddress><evt:Location xmlns:evt="event-logging:3"><evt:Country>Country 1</evt:Country><evt:Site>Site 1</evt:Site><evt:Building>Building 1</evt:Building><evt:Floor>2</evt:Floor><evt:Room>Room 1</evt:Room><evt:Desk>Desk 102</evt:Desk></evt:Location></Device><User><Id>user5</Id></User></EventSource><EventDetail><TypeId>0001</TypeId><Process><Action>Execute</Action><Type>Application</Type><Command>msg=foo bar</Command><Rule>Rule</Rule><Outcome><Permitted>false</Permitted><Description>E0567</Description></Outcome></Process></EventDetail></Event><Event><EventTime><TimeCreated>2007-08-18T14:25:16.000Z</TimeCreated></EventTime><EventSource><System><Name>Test</Name><Environment>Test</Environment></System><Generator>NetworkMonitoring</Generator><Device><HostName>server2</HostName><IPAddress>1.1.1.1</IPAddress><MACAddress>00-00-00-00-00-00</MACAddress><evt:Location xmlns:evt="event-logging:3"><evt:Country>Country 1</evt:Country><evt:Site>Site 1</evt:Site><evt:Building>Building 1</evt:Building><evt:Floor>2</evt:Floor><evt:Room>Room 1</evt:Room><evt:Desk>Desk 102</evt:Desk></evt:Location></Device><User><Id>user2</Id></User></EventSource><EventDetail><TypeId>0001</TypeId><Process><Action>Execute</Action><Type>Application</Type><Command>msg=foo bar</Command><Rule>Rule</Rule><Outcome><Permitted>false</Permitted><Description>E0567</Description></Outcome></Process></EventDetail></Event><Event><EventTime><TimeCreated>2007-08-18T14:28:15.000Z</TimeCreated></EventTime><EventSource><System><Name>Test</Name><Environment>Test</Environment></System><Generator>NetworkMonitoring</Generator><Device><HostName>server3</HostName><IPAddress>1.1.1.1</IPAddress><MACAddress>00-00-00-00-00-00</MACAddress><evt:Location xmlns:evt="event-logging:3"><evt:Country>Country 1</evt:Country><evt:Site>Site 1</evt:Site><evt:Building>Building 1</evt:Building><evt:Floor>2</evt:Floor><evt:Room>Room 1</evt:Room><evt:Desk>Desk 102</evt:Desk></evt:Location></Device><User><Id>user4</Id></User></EventSource><EventDetail><TypeId>0001</TypeId><Process><Action>Execute</Action><Type>Application</Type><Command>msg=foo bar</Command><Rule>Rule</Rule><Outcome><Permitted>false</Permitted><Description>E0567</Description></Outcome></Process></EventDetail></Event><Event><EventTime><TimeCreated>2007-03-18T14:34:41.000Z</TimeCreated></EventTime><EventSource><System><Name>Test</Name><Environment>Test</Environment></System><Generator>NetworkMonitoring</Generator><Device><HostName>server4</HostName><IPAddress>1.1.1.1</IPAddress><MACAddress>00-00-00-00-00-00</MACAddress><evt:Location xmlns:evt="event-logging:3"><evt:Country>Country 1</evt:Country><evt:Site>Site 1</evt:Site><evt:Building>Building 1</evt:Building><evt:Floor>2</evt:Floor><evt:Room>Room 1</evt:Room><evt:Desk>Desk 102</evt:Desk></evt:Location></Device><User><Id>user5</Id></User></EventSource><EventDetail><TypeId>0001</TypeId><Process><Action>Execute</Action><Type>Application</Type><Command>msg=foo bar</Command><Rule>Rule</Rule><Outcome><Permitted>false</Permitted><Description>E0567</Description></Outcome></Process></EventDetail></Event><Event><EventTime><TimeCreated>2007-08-18T14:37:23.000Z</TimeCreated></EventTime><EventSource><System><Name>Test</Name><Environment>Test</Environment></System><Generator>NetworkMonitoring</Generator><Device><HostName>server5</HostName><IPAddress>1.1.1.1</IPAddress><MACAddress>00-00-00-00-00-00</MACAddress><evt:Location xmlns:evt="event-logging:3"><evt:Country>Country 1</evt:Country><evt:Site>Site 1</evt:Site><evt:Building>Building 1</evt:Building><evt:Floor>2</evt:Floor><evt:Room>Room 1</evt:Room><evt:Desk>Desk 102</evt:Desk></evt:Location></Device><User><Id>user6</Id></User></EventSource><EventDetail><TypeId>0001</TypeId><Process><Action>Execute</Action><Type>Application</Type><Command>msg=foo bar</Command><Rule>Rule</Rule><Outcome><Permitted>false</Permitted><Description>E0567</Description></Outcome></Process></EventDetail></Event><Event><EventTime><TimeCreated>2007-08-18T14:39:55.000Z</TimeCreated></EventTime><EventSource><System><Name>Test</Name><Environment>Test</Environment></System><Generator>NetworkMonitoring</Generator><Device><HostName>server6</HostName><IPAddress>1.1.1.1</IPAddress><MACAddress>00-00-00-00-00-00</MACAddress><evt:Location xmlns:evt="event-logging:3"><evt:Country>Country 1</evt:Country><evt:Site>Site 1</evt:Site><evt:Building>Building 1</evt:Building><evt:Floor>2</evt:Floor><evt:Room>Room 1</evt:Room><evt:Desk>Desk 102</evt:Desk></evt:Location></Device><User><Id>user1</Id></User></EventSource><EventDetail><TypeId>0001</TypeId><Process><Action>Execute</Action><Type>Application</Type><Command>some message</Command><Rule>Rule</Rule><Outcome><Permitted>false</Permitted><Description>E0567</Description></Outcome></Process></EventDetail></Event><Event><EventTime><TimeCreated>2007-08-18T14:45:52.000Z</TimeCreated></EventTime><EventSource><System><Name>Test</Name><Environment>Test</Environment></System><Generator>NetworkMonitoring</Generator><Device><HostName>server7</HostName><IPAddress>1.1.1.1</IPAddress><MACAddress>00-00-00-00-00-00</MACAddress><evt:Location xmlns:evt="event-logging:3"><evt:Country>Country 1</evt:Country><evt:Site>Site 1</evt:Site><evt:Building>Building 1</evt:Building><evt:Floor>2</evt:Floor><evt:Room>Room 1</evt:Room><evt:Desk>Desk 102</evt:Desk></evt:Location></Device><User><Id>user1</Id></User></EventSource><EventDetail><TypeId>0001</TypeId><Process><Action>Execute</Action><Type>Application</Type><Command>some other message 2</Command><Rule>Rule</Rule><Outcome><Permitted>false</Permitted><Description>E0567</Description></Outcome></Process></EventDetail></Event></Events>